// Jest Snapshot v1, https://goo.gl/fbAQLP

exports[`Circular Progress With Progress > should render correctly 1`] = `
<div>
  <div
    class="MuiBox-root css-1n2mv2k"
  >
    <span
      aria-valuenow="NaN"
      class="MuiCircularProgress-root MuiCircularProgress-determinate MuiCircularProgress-colorPrimary css-kmkkre-MuiCircularProgress-root"
      role="progressbar"
      style="width: 80px; height: 80px; transform: rotate(-90deg);"
    >
      <svg
        class="MuiCircularProgress-svg css-1idz92c-MuiCircularProgress-svg"
        viewBox="22 22 44 44"
      >
        <circle
          class="MuiCircularProgress-circle MuiCircularProgress-circleDeterminate css-oxts8u-MuiCircularProgress-circle"
          cx="44"
          cy="44"
          fill="none"
          r="20.2"
          stroke-width="3.6"
          style="stroke-dasharray: 126.920; stroke-dashoffset: NaNpx;"
        />
      </svg>
    </span>
    <p
      class="MuiTypography-root MuiTypography-body1 css-2atoo-MuiTypography-root"
    >
      0/0
    </p>
  </div>
</div>
`;

exports[`Circular Progress With Progress should render correctly 1`] = `
<div>
  <div
    class="MuiBox-root css-1n2mv2k"
  >
    <span
      aria-valuenow="NaN"
      class="MuiCircularProgress-root MuiCircularProgress-determinate MuiCircularProgress-colorPrimary css-kmkkre-MuiCircularProgress-root"
      role="progressbar"
      style="width: 80px; height: 80px; transform: rotate(-90deg);"
    >
      <svg
        class="MuiCircularProgress-svg css-1idz92c-MuiCircularProgress-svg"
        viewBox="22 22 44 44"
      >
        <circle
          class="MuiCircularProgress-circle MuiCircularProgress-circleDeterminate css-oxts8u-MuiCircularProgress-circle"
          cx="44"
          cy="44"
          fill="none"
          r="20.2"
          stroke-width="3.6"
          style="stroke-dasharray: 126.920; stroke-dashoffset: NaNpx;"
        />
      </svg>
    </span>
    <p
      class="MuiTypography-root MuiTypography-body1 css-2atoo-MuiTypography-root"
    >
      0/0
    </p>
  </div>
</div>
`;
